
================================================================================
🚀 Temporal Multi-Agent Transformer
================================================================================
Innovations:
  ✅ Temporal Observation Buffer (3 timesteps)
  ✅ Velocity Features (dx, dy, angular_vel)
  ✅ 2-Level Transformer (Temporal + Spatial Attention)
================================================================================

>> DecisionPointObservation loaded.
>> TemporalMultiAgentObservation loaded.
>> Environment:Flatland:RailEnv
[Env] Using existing generated_envs
Load environments from disk. #  18  loaded.
>> MARL_ATT_DecisionPointPolicy (Temporal Transformer)
   - observation_space: 81
   - action_space: 5
   - temporal_window: 3
   - architecture: 2-Level Attention (Temporal + Spatial)
>> MARL_ATT_DecisionPointPolicy
🐢 Using CPU

🚀 Creating Temporal Encoders:
   - obs_dim: 81
   - hidden_dim: 64
   - temporal_window: 3
   - num_heads: 4
   - encoder_type: lstm

================================================================================
📊 TRAINING SUMMARY - Temporal Transformer Architecture
================================================================================

🧠 TEMPORAL_ENCODER_ACTOR (2-Level Attention):
   Total Parameters: 72,644

🧠 TEMPORAL_ENCODER_CRITIC (2-Level Attention):
   Total Parameters: 72,644

🎭 ACTOR Network:
   Total Parameters: 8,645

💎 CRITIC Network:
   Total Parameters: 8,385

📈 TOTAL:
   Total Parameters: 162,318
   Temporal Window: 3 timesteps

================================================================================


================================================================================
🎯 Curriculum phase5_final: agents=[5], envs=50, episodes=8000
================================================================================
Load environments from disk. #  50  loaded.
[Train] phase5_final: 8000 episodes, agents=[5]

Traceback (most recent call last):
  File "/home/u216993/workspace/ai4realnet/aiAdrian_flatland/flatland_solver_policy/example/flatland_rail_env/marl_attention_temporal.py", line 1022, in <module>
    solver.perform_training(max_episodes=phase_episodes, checkpoint_interval=checkpoint_interval)
  File "/home/u216993/workspace/ai4realnet/aiAdrian_flatland/flatland_solver_policy/solver/base_solver.py", line 241, in perform_training
    tot_reward, tot_terminate, tot_steps = self.run_episode(episode, self.env, self.policy, eps, training_mode)
  File "/home/u216993/workspace/ai4realnet/aiAdrian_flatland/flatland_solver_policy/solver/base_solver.py", line 144, in run_episode
    tot_reward, tot_terminate, tot_steps = self.run_internal_episode(episode,
  File "/home/u216993/workspace/ai4realnet/aiAdrian_flatland/flatland_solver_policy/solver/base_solver.py", line 109, in run_internal_episode
    state_next, reward, terminal, tot_terminal, info = self.run_step(env,
  File "/home/u216993/workspace/ai4realnet/aiAdrian_flatland/flatland_solver_policy/solver/multi_agent_base_solver.py", line 70, in run_step
    reward = self.shape_reward(reward, terminal, info)
  File "/home/u216993/workspace/ai4realnet/aiAdrian_flatland/flatland_solver_policy/solver/multi_agent_base_solver.py", line 44, in shape_reward
    return self._reward_shaper(reward, terminal, info, self.env)
  File "/home/u216993/workspace/ai4realnet/aiAdrian_flatland/flatland_solver_policy/example/flatland_rail_env/marl_attention_temporal.py", line 749, in __call__
    if not self._has_conflict_ahead(raw_env, agent):
TypeError: _has_conflict_ahead() missing 1 required positional argument: 'agent'
